


ARM Macro Assembler    Page 1 


    1 00000000                 AREA             AsmTemplate, CODE, READONLY
    2 00000000                 IMPORT           main
    3 00000000         
    4 00000000         ; sample program makes the 4 LEDs P1.16, P1.17, P1.18, P
                       1.19 go on and off in sequence
    5 00000000         ; (c) Mike Brady, 2011.
    6 00000000         
    7 00000000                 EXPORT           start
    8 00000000         start
    9 00000000         
   10 00000000 E0028018 
                       IO1DIR  EQU              0xE0028018
   11 00000000 E0028014 
                       IO1SET  EQU              0xE0028014
   12 00000000 E002801C 
                       IO1CLR  EQU              0xE002801C
   13 00000000         
   14 00000000 E59F1070        ldr              r1,=IO1DIR
   15 00000004 E3A0280F        ldr              r2,=0x000f0000 ;select P1.19--P
                                                            1.16
   16 00000008 E5812000        str              r2,[r1]     ;make them outputs
   17 0000000C E59F1068        ldr              r1,=IO1SET
   18 00000010 E5812000        str              r2,[r1]     ;set them to turn t
                                                            he LEDs off
   19 00000014 E59F2064        ldr              r2,=IO1CLR
   20 00000018         ; r1 points to the SET register
   21 00000018         ; r2 points to the CLEAR register
   22 00000018         
   23 00000018         
   24 00000018 E3A06601        LDR              R6, =0x00100000 ;p19
   25 0000001C E3A07802        LDR              R7, =0x00020000 ;p16
   26 00000020 E1A03006        MOV              R3, R6
   27 00000024         while
   28 00000024 E1530007        CMP              R3, R7
   29 00000028 CA000007        BGT              reduce
   30 0000002C E5823000        STR              R3, [R2]
   31 00000030         
   32 00000030 E59F404C        LDR              R4, =10000000
   33 00000034 E2544001 
                       dloop   subs             R4, R4, #1
   34 00000038 1AFFFFFD        BNE              dloop
   35 0000003C         
   36 0000003C E5813000        STR              R3, [R1]
   37 00000040 E1A03083        LSL              R3, R3, #1
   38 00000044 E1530006        CMP              R3, R6
   39 00000048 DAFFFFF5        BLE              while
   40 0000004C         reduce
   41 0000004C E5823000        STR              R3, [R2]
   42 00000050         
   43 00000050 E59F402C        LDR              R4, =10000000
   44 00000054 E2544001 
                       dloop2  subs             R4, R4, #1
   45 00000058 1AFFFFFD        BNE              dloop2
   46 0000005C         
   47 0000005C E5813000        STR              R3, [R1]
   48 00000060 E1A030A3        LSR              R3, R3, #1
   49 00000064 E1530007        CMP              R3, R7
   50 00000068 CAFFFFED        BGT              while
   51 0000006C E1A03007        MOV              R3, R7



ARM Macro Assembler    Page 2 


   52 00000070 EAFFFFEB        B                while
   53 00000074         
   54 00000074 EAFFFFFE 
                       stop    B                stop
   55 00000078         
   56 00000078                 END
              E0028018 
              E0028014 
              E002801C 
              00989680 
Command Line: --debug --xref --diag_suppress=9931 --apcs=interwork --depend=.\a
pp.d -o.\app.o -IC:\Keil_v5\ARM\RV31\INC -IC:\Keil_v5\ARM\CMSIS\Include -IC:\Ke
il_v5\ARM\Inc\Philips --predefine="__EVAL SETA 1" --predefine="__MICROLIB SETA 
1" --predefine="__UVISION_VERSION SETA 516" --list=.\listings\app.lst App.s



ARM Macro Assembler    Page 1 Alphabetic symbol ordering
Relocatable symbols

AsmTemplate 00000000

Symbol: AsmTemplate
   Definitions
      At line 1 in file App.s
   Uses
      None
Comment: AsmTemplate unused
dloop 00000034

Symbol: dloop
   Definitions
      At line 33 in file App.s
   Uses
      At line 34 in file App.s
Comment: dloop used once
dloop2 00000054

Symbol: dloop2
   Definitions
      At line 44 in file App.s
   Uses
      At line 45 in file App.s
Comment: dloop2 used once
reduce 0000004C

Symbol: reduce
   Definitions
      At line 40 in file App.s
   Uses
      At line 29 in file App.s
Comment: reduce used once
start 00000000

Symbol: start
   Definitions
      At line 8 in file App.s
   Uses
      At line 7 in file App.s
Comment: start used once
stop 00000074

Symbol: stop
   Definitions
      At line 54 in file App.s
   Uses
      At line 54 in file App.s
Comment: stop used once
while 00000024

Symbol: while
   Definitions
      At line 27 in file App.s
   Uses
      At line 39 in file App.s
      At line 50 in file App.s
      At line 52 in file App.s

7 symbols



ARM Macro Assembler    Page 1 Alphabetic symbol ordering
Absolute symbols

IO1CLR E002801C

Symbol: IO1CLR
   Definitions
      At line 12 in file App.s
   Uses
      At line 19 in file App.s
Comment: IO1CLR used once
IO1DIR E0028018

Symbol: IO1DIR
   Definitions
      At line 10 in file App.s
   Uses
      At line 14 in file App.s
Comment: IO1DIR used once
IO1SET E0028014

Symbol: IO1SET
   Definitions
      At line 11 in file App.s
   Uses
      At line 17 in file App.s
Comment: IO1SET used once
3 symbols



ARM Macro Assembler    Page 1 Alphabetic symbol ordering
External symbols

main 00000000

Symbol: main
   Definitions
      At line 2 in file App.s
   Uses
      None
Comment: main unused
1 symbol
346 symbols in table
